Resolving dependencies...
Downloading packages...
  characters 1.4.0 (1.4.1 available)
  dbus 0.7.11 (0.7.12 available)
  ffi 2.1.5 (2.2.0 available)
  flutter_local_notifications 20.0.0 (20.1.0 available)
  flutter_local_notifications_windows 2.0.0 (2.0.1 available)
  google_fonts 8.0.0 (8.0.1 available)
  hooks 1.0.0 (1.0.1 available)
  lints 6.0.0 (6.1.0 available)
  matcher 0.12.17 (0.12.18 available)
  material_color_utilities 0.11.1 (0.13.0 available)
  meta 1.17.0 (1.18.1 available)
  objective_c 9.2.4 (9.3.0 available)
  source_span 1.10.1 (1.10.2 available)
  test_api 0.7.7 (0.7.9 available)
  timezone 0.10.1 (0.11.0 available)
Got dependencies!
15 packages have newer versions incompatible with dependency constraints.
Try `flutter pub outdated` for more information.
00:00 +0: loading C:/Users/MehfesS/OneDrive/Masa├╝st├╝/BILKENT/2026- Son Bir Dans/auraLink/auraLink_App/test/widget_test.dart
flutter : test/widget
_test.dart:16:35: 
Error: Couldn't find 
constructor 'MyApp'.
At line:1 char:1
+ flutter test > 
test_log.txt 2>&1
+ ~~~~~~~~~~~~~~~~~~~
~~~~~~~~~~~~~
    + CategoryInfo   
           : NotSpe  
  cified: (test/wi   
 dget_tes...ructo    
r 'MyApp'.:Strin    
g) [], RemoteExc    
eption
    + FullyQualified 
   ErrorId : Native  
  CommandError
 
    await tester.pump
Widget(const 
MyApp());
                     
             ^^^^^
00:00 +0 -1: loading C:/Users/MehfesS/OneDrive/Masa├╝st├╝/BILKENT/2026- Son Bir Dans/auraLink/auraLink_App/test/widget_test.dart [E]
  Failed to load "C:/Users/MehfesS/OneDrive/Masa├╝st├╝/BILKENT/2026- Son Bir Dans/auraLink/auraLink_App/test/widget_test.dart":
  Compilation failed for testPath=C:/Users/MehfesS/OneDrive/Masa├╝st├╝/BILKENT/2026- Son Bir Dans/auraLink/auraLink_App/test/widget_test.dart: test/widget_test.dart:16:35: Error: Couldn't find constructor 'MyApp'.
      await tester.pumpWidget(const MyApp());
                                    ^^^^^
  .
00:00 +0 -1: Some tests failed.
